python : Traceback (most recent call last):
所在位置 行:1 字符: 1
+ python test_scraper.py > test_output.txt 2>&1 ; type test_output.txt
+ ~~~~~~~~~~~~~~~~~~~~~~~~~~~~~~~~~~~~~~~~~~~~~
    + CategoryInfo          : NotSpecified: (Traceback (most recent call last) 
   ::String) [], RemoteException
    + FullyQualifiedErrorId : NativeCommandError
 
  File "C:\Users\PC\Documents\trae_projects\Public opinion system\project\app\s
craper.py", line 58, in fetch_news
    content = brotli.decompress(content)
brotli.error: brotli: decoder failed
正在抓取关键词 '科技' 的百度新闻...
响应状态码: 200
响应URL: https://www.baidu.com/s?rtt=1&bsst=1&cl=2&tn=news&rsv_dl=ns_pc&word=%E7%A7%91%E6%8A%80&pn=0
响应头: {'Bdpagetype': '3', 'Bdqid': '0x9892b94000008097', 'Cache-Control': 'private', 'Connection': 'keep-alive', 'Content-Encoding': 'br', 'Content-Security-Policy': "frame-ancestors 'self' https://chat.baidu.com http://mirror-chat.baidu.com https://fj-chat.baidu.com https://hba-chat.baidu.com https://hbe-chat.baidu.com https://njjs-chat.baidu.com https://nj-chat.baidu.com https://hna-chat.baidu.com https://hnb-chat.baidu.com http://debug.baidu-int.com https://sai.baidu.com https://mcpstore.baidu.com https://mcpserver.baidu.com https://www.mcpworld.com https://platform-openai.now.baidu.com;", 'Content-Type': 'text/html;charset=utf-8', 'Cxy_all': 'news+f3189a3ab9a7b1896d35a630297b659b', 'Cxy_ex': '1764826952+894243696+d41d8cd98f00b204e9800998ecf8427e', 'Date': 'Thu, 04 Dec 2025 05:42:32 GMT', 'P3p': 'CP=" OTI DSP COR IVA OUR IND COM ", CP=" OTI DSP COR IVA OUR IND COM ", CP=" OTI DSP COR IVA OUR IND COM "', 'Server': 'BWS/1.1', 'Set-Cookie': 'BAIDUID=8140C048BDE039B9F3BC222118D8FED7:FG=1; expires=Thu, 31-Dec-37 23:55:55 GMT; max-age=2147483647; path=/; domain=.baidu.com, BIDUPSID=8140C048BDE039B9F3BC222118D8FED7; expires=Thu, 31-Dec-37 23:55:55 GMT; max-age=2147483647; path=/; domain=.baidu.com, PSTM=1764826952; expires=Thu, 31-Dec-37 23:55:55 GMT; max-age=2147483647; path=/; domain=.baidu.com, BDRCVFR[C0p6oIjvx-c]=mk3SLVN4HKm; path=/; domain=.baidu.com, BAIDUID=8140C048BDE039B910B55C6A09164282:FG=1; max-age=31536000; expires=Fri, 04-Dec-26 05:42:32 GMT; domain=.baidu.com; path=/; version=1; comment=bd, H_PS_PSSID=60274_63141_64004_66095_66214_66210_66192_66169_66281_66260_66393_66467_66529_66551_66589_66583_66591_66606_66647_66665_66692_66699_66716_66745_66772_66784_66792_66801_66599; path=/; expires=Fri, 04-Dec-26 05:42:32 GMT; domain=.baidu.com, X-Use-Search-BFF-WWW=deleted; expires=Thu, 01-Jan-1970 00:00:01 GMT; path=/; domain=.baidu.com, delPer=0; path=/; domain=.baidu.com, BD_CK_SAM=1;path=/, PSINO=1; domain=.baidu.com; path=/, BDSVRTM=485; path=/', 'Strict-Transport-Security': 'max-age=172800', 'Traceid': '1764826952263958631410994053324893880471', 'Vary': 'Accept-Encoding', 'X-Ua-Compatible': 'IE=Edge,chrome=1', 'X-Xss-Protection': '1;mode=block', 'Transfer-Encoding': 'chunked'}
抓取新闻失败: brotli: decoder failed
未抓取到新闻数据
